// Jest Snapshot v1, https://goo.gl/fbAQLP

exports[`renders learn react link 1`] = `
<div
  class="Section__container___3YYTG"
>
  <div
    class="Form__formContainer___1GA3x"
  >
    <div
      class="Form__formSection___1PPvW"
    >
      <div
        class="Section__sectionBody___ihqqd"
      >
        Loading...
      </div>
    </div>
  </div>
</div>
`;
