// Jest Snapshot v1, https://goo.gl/fbAQLP

exports[` 1`] = `
Array [
  Array [
    Object {
      "putItem": Object {
        "EphemeraId": "COMPUTED#XYZ",
        "assets": Array [
          "test",
        ],
        "key": "switchedOn",
      },
      "targetId": "VARIABLE#TUV",
      "type": "DescentUpdate",
    },
  ],
  Array [
    Object {
      "putItem": Object {
        "EphemeraId": "VARIABLE#TUV",
        "assets": Array [
          "test",
        ],
        "key": "switchedOn",
      },
      "targetId": "COMPUTED#XYZ",
      "type": "AncestryUpdate",
    },
  ],
  Array [
    Object {
      "putItem": Object {
        "EphemeraId": "COMPUTED#XYZ",
        "assets": Array [
          "test",
        ],
        "key": "power",
      },
      "targetId": "VARIABLE#QRS",
      "type": "DescentUpdate",
    },
  ],
  Array [
    Object {
      "putItem": Object {
        "EphemeraId": "VARIABLE#QRS",
        "assets": Array [
          "test",
        ],
        "key": "power",
      },
      "targetId": "COMPUTED#XYZ",
      "type": "AncestryUpdate",
    },
  ],
  Array [
    Object {
      "putItem": Object {
        "EphemeraId": "ROOM#DEF",
        "assets": Array [
          "test",
        ],
        "key": "active",
      },
      "targetId": "COMPUTED#XYZ",
      "type": "DescentUpdate",
    },
  ],
  Array [
    Object {
      "putItem": Object {
        "EphemeraId": "COMPUTED#XYZ",
        "assets": Array [
          "test",
        ],
        "key": "active",
      },
      "targetId": "ROOM#DEF",
      "type": "AncestryUpdate",
    },
  ],
]
`;
