// Jest Snapshot v1, https://goo.gl/fbAQLP

exports[`MapDThree should initialize stack on construction 1`] = `
Array [
  Object {
    "onStabilize": undefined,
    "onTick": undefined,
    "tree": Array [
      Object {
        "children": Array [
          Object {
            "children": Array [],
            "data": Object {
              "key": "Root::If-1",
              "links": Array [],
              "nodes": Array [
                Object {
                  "cascadeNode": false,
                  "id": "DEF",
                  "reference": Object {
                    "index": 0,
                    "key": "",
                    "tag": "Room",
                  },
                  "roomId": "DEF",
                  "visible": true,
                  "x": 300,
                  "y": 200,
                },
                Object {
                  "cascadeNode": false,
                  "id": "ABC",
                  "reference": Object {
                    "index": 0,
                    "key": "",
                    "tag": "Room",
                  },
                  "roomId": "ABC",
                  "visible": true,
                  "x": 200,
                  "y": 200,
                },
              ],
              "visible": true,
            },
          },
        ],
        "data": Object {
          "key": "Root",
          "links": Array [],
          "nodes": Array [
            Object {
              "cascadeNode": false,
              "id": "GHI",
              "reference": Object {
                "index": 0,
                "key": "",
                "tag": "Room",
              },
              "roomId": "GHI",
              "visible": true,
              "x": 300,
              "y": 300,
            },
          ],
          "visible": true,
        },
      },
    ],
  },
]
`;
