// Jest Snapshot v1, https://goo.gl/fbAQLP

exports[`MapDThree should initialize stack on construction 1`] = `
Array [
  Object {
    "children": Array [
      Object {
        "children": Array [],
        "data": Object {
          "tag": "Position",
          "x": 300,
          "y": 300,
        },
      },
    ],
    "data": Object {
      "key": "GHI",
      "tag": "Room",
      "x": undefined,
      "y": undefined,
    },
  },
  Object {
    "children": Array [
      Object {
        "children": Array [
          Object {
            "children": Array [
              Object {
                "children": Array [],
                "data": Object {
                  "tag": "Position",
                  "x": 300,
                  "y": 200,
                },
              },
            ],
            "data": Object {
              "key": "DEF",
              "tag": "Room",
              "x": undefined,
              "y": undefined,
            },
          },
          Object {
            "children": Array [
              Object {
                "children": Array [],
                "data": Object {
                  "tag": "Position",
                  "x": 200,
                  "y": 200,
                },
              },
            ],
            "data": Object {
              "key": "ABC",
              "tag": "Room",
              "x": undefined,
              "y": undefined,
            },
          },
        ],
        "data": Object {
          "if": "true",
          "selected": true,
          "tag": "Statement",
        },
      },
    ],
    "data": Object {
      "tag": "If",
    },
  },
]
`;
