// Jest Snapshot v1, https://goo.gl/fbAQLP

exports[`MapDThree should initialize stack on construction 1`] = `
Array [
  Object {
    "layers": Array [
      Object {
        "key": "Two",
        "links": Array [],
        "nodes": Array [
          Object {
            "cascadeNode": false,
            "id": "Two-A",
            "roomId": "GHI",
            "visible": true,
            "x": 300,
            "y": 300,
          },
        ],
      },
      Object {
        "key": "One",
        "links": Array [],
        "nodes": Array [
          Object {
            "cascadeNode": true,
            "id": "Two-A",
            "roomId": "GHI",
            "visible": true,
            "x": 300,
            "y": 300,
          },
          Object {
            "cascadeNode": false,
            "id": "One-B",
            "roomId": "DEF",
            "visible": true,
            "x": 300,
            "y": 200,
          },
          Object {
            "cascadeNode": false,
            "id": "One-A",
            "roomId": "ABC",
            "visible": true,
            "x": 200,
            "y": 200,
          },
        ],
      },
    ],
    "onStabilize": undefined,
    "onTick": undefined,
  },
]
`;
