// Jest Snapshot v1, https://goo.gl/fbAQLP

exports[`AssetWorkspace (WML Lambda) loadAuthorizationJSON should correctly parse and assign JSON properties 1`] = `
{
  "grants": [
    {
      "component": {
        "key": "Room1",
        "tag": "Room",
        "universalKey": undefined,
      },
      "grants": [
        {
          "actions": [
            "action1",
          ],
          "player": "Player1",
          "tag": "Grant",
        },
      ],
    },
  ],
  "universalKey": "ASSET#Test",
}
`;

exports[`AssetWorkspace (WML Lambda) loadJSON should correctly parse and assign JSON properties 1`] = `
{
  "components": [
    {
      "key": "testRoom",
      "shortName": "Test Room",
      "tag": "Room",
      "universalKey": "ROOM#001",
    },
  ],
  "metaData": [],
  "universalKey": "ASSET#Test",
}
`;

exports[`AssetWorkspace (WML Lambda) setWML should correctly parse WML input 1`] = `
{
  "components": [
    {
      "key": undefined,
      "shortName": "Room One",
      "tag": "Room",
      "universalKey": "ROOM#room1",
    },
    {
      "key": undefined,
      "shortName": "Room Two",
      "tag": "Room",
      "universalKey": "ROOM#room2",
    },
  ],
  "metaData": [],
  "topLevel": [
    "ROOM#room1",
    "ROOM#room2",
  ],
  "universalKey": "ASSET#Test",
}
`;
