// Jest Snapshot v1, https://goo.gl/fbAQLP

exports[`DependencyGraph getPartial should correctly decipher a partial tree 1`] = `
Object {
  "EphemeraId": "testOne",
  "assets": Array [
    "base",
  ],
  "completeness": "Complete",
  "connections": Array [
    Object {
      "EphemeraId": "testTwo",
      "assets": Array [
        "base",
      ],
      "completeness": "Partial",
      "connections": Array [
        Object {
          "EphemeraId": "testThree",
          "assets": Array [
            "base",
          ],
          "completeness": "Partial",
          "connections": Array [],
          "key": "testTwo",
          "tag": "Computed",
        },
      ],
      "key": "testOne",
      "tag": "Computed",
    },
    Object {
      "EphemeraId": "testThree",
      "assets": Array [
        "base",
      ],
      "completeness": "Partial",
      "connections": Array [],
      "key": "testOne",
      "tag": "Computed",
    },
  ],
  "tag": "Variable",
}
`;
