// Jest Snapshot v1, https://goo.gl/fbAQLP

exports[`parseWMLFile should return parsed output 1`] = `
Object {
  "ABC": Object {
    "appearances": Array [
      Object {
        "contents": Array [],
        "contextStack": Array [
          Object {
            "index": 0,
            "key": "test",
            "tag": "Asset",
          },
        ],
        "display": undefined,
        "location": Array [
          0,
          0,
        ],
        "name": "Vortex",
        "parse": Object {
          "contents": Array [
            Object {
              "contents": Array [
                Object {
                  "endTagToken": 15,
                  "startTagToken": 15,
                  "tag": "String",
                  "value": "Vortex",
                },
              ],
              "endTagToken": 16,
              "startTagToken": 13,
              "tag": "Name",
              "value": "Vortex",
            },
          ],
          "endTagToken": 17,
          "key": "ABC",
          "startTagToken": 8,
          "tag": "Room",
          "x": undefined,
          "y": undefined,
        },
        "render": Array [],
        "x": undefined,
        "y": undefined,
      },
      Object {
        "contents": Array [],
        "contextStack": Array [
          Object {
            "index": 0,
            "key": "test",
            "tag": "Asset",
          },
          Object {
            "index": 0,
            "key": "Condition-0",
            "tag": "Condition",
          },
        ],
        "display": undefined,
        "location": Array [
          0,
          1,
          0,
        ],
        "name": "",
        "parse": Object {
          "contents": Array [
            Object {
              "contents": Array [
                Object {
                  "endTagToken": 36,
                  "startTagToken": 36,
                  "tag": "Whitespace",
                },
                Object {
                  "endTagToken": 37,
                  "startTagToken": 37,
                  "tag": "String",
                  "value": "The lights are on",
                },
                Object {
                  "endTagToken": 38,
                  "startTagToken": 38,
                  "tag": "Whitespace",
                },
              ],
              "endTagToken": 39,
              "spaceAfter": false,
              "spaceBefore": false,
              "startTagToken": 34,
              "tag": "Description",
            },
          ],
          "endTagToken": 40,
          "key": "ABC",
          "startTagToken": 29,
          "tag": "Room",
          "x": undefined,
          "y": undefined,
        },
        "render": Array [
          Object {
            "parse": Object {
              "endTagToken": 37,
              "startTagToken": 37,
              "tag": "String",
              "value": "The lights are on",
            },
            "spaceAfter": true,
            "spaceBefore": false,
            "tag": "String",
            "value": "The lights are on",
          },
        ],
        "x": undefined,
        "y": undefined,
      },
    ],
    "global": undefined,
    "key": "ABC",
    "tag": "Room",
  },
  "Condition-0": Object {
    "appearances": Array [
      Object {
        "contents": Array [
          Object {
            "index": 1,
            "key": "ABC",
            "tag": "Room",
          },
        ],
        "contextStack": Array [
          Object {
            "index": 0,
            "key": "test",
            "tag": "Asset",
          },
        ],
        "location": Array [
          0,
          1,
        ],
        "parse": Object {
          "contents": Array [
            Object {
              "contents": Array [
                Object {
                  "contents": Array [
                    Object {
                      "endTagToken": 36,
                      "startTagToken": 36,
                      "tag": "Whitespace",
                    },
                    Object {
                      "endTagToken": 37,
                      "startTagToken": 37,
                      "tag": "String",
                      "value": "The lights are on",
                    },
                    Object {
                      "endTagToken": 38,
                      "startTagToken": 38,
                      "tag": "Whitespace",
                    },
                  ],
                  "endTagToken": 39,
                  "spaceAfter": false,
                  "spaceBefore": false,
                  "startTagToken": 34,
                  "tag": "Description",
                },
              ],
              "endTagToken": 40,
              "key": "ABC",
              "startTagToken": 29,
              "tag": "Room",
              "x": undefined,
              "y": undefined,
            },
          ],
          "dependencies": Array [
            Object {
              "endTagToken": 28,
              "on": "active",
              "startTagToken": 23,
              "tag": "Depend",
            },
          ],
          "endTagToken": 41,
          "if": "active",
          "startTagToken": 18,
          "tag": "Condition",
        },
      },
    ],
    "dependencies": Array [
      "active",
    ],
    "if": "active",
    "key": "Condition-0",
    "tag": "Condition",
  },
  "active": Object {
    "appearances": Array [
      Object {
        "contents": Array [],
        "contextStack": Array [
          Object {
            "index": 0,
            "key": "test",
            "tag": "Asset",
          },
        ],
        "location": Array [
          0,
          4,
        ],
        "parse": Object {
          "dependencies": Array [
            Object {
              "endTagToken": 73,
              "on": "switchedOn",
              "startTagToken": 68,
              "tag": "Depend",
            },
            Object {
              "endTagToken": 79,
              "on": "powered",
              "startTagToken": 74,
              "tag": "Depend",
            },
          ],
          "endTagToken": 80,
          "key": "active",
          "src": "powered && switchedOn",
          "startTagToken": 60,
          "tag": "Computed",
        },
      },
    ],
    "dependencies": Array [
      "switchedOn",
      "powered",
    ],
    "key": "active",
    "src": "powered && switchedOn",
    "tag": "Computed",
  },
  "powered": Object {
    "appearances": Array [
      Object {
        "contents": Array [],
        "contextStack": Array [
          Object {
            "index": 0,
            "key": "test",
            "tag": "Asset",
          },
        ],
        "location": Array [
          0,
          2,
        ],
        "parse": Object {
          "default": "false",
          "endTagToken": 50,
          "key": "powered",
          "startTagToken": 42,
          "tag": "Variable",
        },
      },
    ],
    "default": "false",
    "key": "powered",
    "tag": "Variable",
  },
  "switchedOn": Object {
    "appearances": Array [
      Object {
        "contents": Array [],
        "contextStack": Array [
          Object {
            "index": 0,
            "key": "test",
            "tag": "Asset",
          },
        ],
        "location": Array [
          0,
          3,
        ],
        "parse": Object {
          "default": "true",
          "endTagToken": 59,
          "key": "switchedOn",
          "startTagToken": 51,
          "tag": "Variable",
        },
      },
    ],
    "default": "true",
    "key": "switchedOn",
    "tag": "Variable",
  },
  "test": Object {
    "Story": undefined,
    "appearances": Array [
      Object {
        "contents": Array [
          Object {
            "index": 0,
            "key": "ABC",
            "tag": "Room",
          },
          Object {
            "index": 0,
            "key": "Condition-0",
            "tag": "Condition",
          },
          Object {
            "index": 0,
            "key": "powered",
            "tag": "Variable",
          },
          Object {
            "index": 0,
            "key": "switchedOn",
            "tag": "Variable",
          },
          Object {
            "index": 0,
            "key": "active",
            "tag": "Computed",
          },
          Object {
            "index": 0,
            "key": "toggleSwitch",
            "tag": "Action",
          },
        ],
        "contextStack": Array [],
        "location": Array [
          0,
        ],
        "parse": Object {
          "contents": Array [
            Object {
              "contents": Array [
                Object {
                  "contents": Array [
                    Object {
                      "endTagToken": 15,
                      "startTagToken": 15,
                      "tag": "String",
                      "value": "Vortex",
                    },
                  ],
                  "endTagToken": 16,
                  "startTagToken": 13,
                  "tag": "Name",
                  "value": "Vortex",
                },
              ],
              "endTagToken": 17,
              "key": "ABC",
              "startTagToken": 8,
              "tag": "Room",
              "x": undefined,
              "y": undefined,
            },
            Object {
              "contents": Array [
                Object {
                  "contents": Array [
                    Object {
                      "contents": Array [
                        Object {
                          "endTagToken": 36,
                          "startTagToken": 36,
                          "tag": "Whitespace",
                        },
                        Object {
                          "endTagToken": 37,
                          "startTagToken": 37,
                          "tag": "String",
                          "value": "The lights are on",
                        },
                        Object {
                          "endTagToken": 38,
                          "startTagToken": 38,
                          "tag": "Whitespace",
                        },
                      ],
                      "endTagToken": 39,
                      "spaceAfter": false,
                      "spaceBefore": false,
                      "startTagToken": 34,
                      "tag": "Description",
                    },
                  ],
                  "endTagToken": 40,
                  "key": "ABC",
                  "startTagToken": 29,
                  "tag": "Room",
                  "x": undefined,
                  "y": undefined,
                },
              ],
              "dependencies": Array [
                Object {
                  "endTagToken": 28,
                  "on": "active",
                  "startTagToken": 23,
                  "tag": "Depend",
                },
              ],
              "endTagToken": 41,
              "if": "active",
              "startTagToken": 18,
              "tag": "Condition",
            },
            Object {
              "default": "false",
              "endTagToken": 50,
              "key": "powered",
              "startTagToken": 42,
              "tag": "Variable",
            },
            Object {
              "default": "true",
              "endTagToken": 59,
              "key": "switchedOn",
              "startTagToken": 51,
              "tag": "Variable",
            },
            Object {
              "dependencies": Array [
                Object {
                  "endTagToken": 73,
                  "on": "switchedOn",
                  "startTagToken": 68,
                  "tag": "Depend",
                },
                Object {
                  "endTagToken": 79,
                  "on": "powered",
                  "startTagToken": 74,
                  "tag": "Depend",
                },
              ],
              "endTagToken": 80,
              "key": "active",
              "src": "powered && switchedOn",
              "startTagToken": 60,
              "tag": "Computed",
            },
            Object {
              "endTagToken": 89,
              "key": "toggleSwitch",
              "src": "switchedOn = !switchedOn",
              "startTagToken": 81,
              "tag": "Action",
            },
          ],
          "endTagToken": 90,
          "fileName": "test",
          "key": "test",
          "startTagToken": 0,
          "tag": "Asset",
        },
        "subFolder": undefined,
      },
    ],
    "fileName": "test",
    "key": "test",
    "player": undefined,
    "tag": "Asset",
    "zone": undefined,
  },
  "toggleSwitch": Object {
    "appearances": Array [
      Object {
        "contents": Array [],
        "contextStack": Array [
          Object {
            "index": 0,
            "key": "test",
            "tag": "Asset",
          },
        ],
        "location": Array [
          0,
          5,
        ],
        "parse": Object {
          "endTagToken": 89,
          "key": "toggleSwitch",
          "src": "switchedOn = !switchedOn",
          "startTagToken": 81,
          "tag": "Action",
        },
      },
    ],
    "key": "toggleSwitch",
    "src": "switchedOn = !switchedOn",
    "tag": "Action",
  },
}
`;
