// Jest Snapshot v1, https://goo.gl/fbAQLP

exports[`ExecuteActionMessage should execute an action and cascade 1`] = `
Array [
  Object {
    "ConditionCheck": Object {
      "ConditionExpression": "#value = :value",
      "ExpressionAttributeNames": Object {
        "#value": "value",
      },
      "ExpressionAttributeValues": Object {
        ":value": Object {
          "N": "2",
        },
      },
      "Key": Object {
        "DataCategory": Object {
          "S": "Meta::Variable",
        },
        "EphemeraId": Object {
          "S": "VARIABLE#VariableTwo",
        },
      },
      "TableName": "Ephemera",
    },
  },
  Object {
    "Update": Object {
      "ConditionExpression": "#value = :oldValue",
      "ExpressionAttributeNames": Object {
        "#value": "value",
      },
      "ExpressionAttributeValues": Object {
        ":newValue": Object {
          "N": "3",
        },
        ":oldValue": Object {
          "N": "1",
        },
      },
      "Key": Object {
        "DataCategory": Object {
          "S": "Meta::Variable",
        },
        "EphemeraId": Object {
          "S": "VARIABLE#VariableOne",
        },
      },
      "TableName": "Ephemera",
      "UpdateExpression": "SET #value = :newValue",
    },
  },
]
`;

exports[`ExecuteActionMessage should execute an action and cascade 2`] = `
Array [
  Object {
    "actionId": "ACTION#TestTwo",
    "characterId": "CHARACTER#SomebodyElse",
    "type": "ExecuteAction",
  },
  Object {
    "targetId": "VARIABLE#VariableOne",
    "type": "DependencyCascade",
  },
]
`;
