// Jest Snapshot v1, https://goo.gl/fbAQLP

exports[`ExecuteActionMessage should execute an action and cascade 1`] = `
Array [
  Object {
    "ConditionCheck": Object {
      "ConditionExpression": "#value = :value",
      "ExpressionAttributeValues": Object {
        ":value": Object {
          "N": "2",
        },
      },
      "Key": Object {
        "DataCategory": "Meta::Variable",
        "EphemeraId": "VARIABLE#VariableTwo",
      },
      "ProjectionFields": Array [
        "value",
      ],
    },
  },
  Object {
    "PrimitiveUpdate": Object {
      "ConditionExpression": "value = :oldValue",
      "ExpressionAttributeValues": Object {
        ":newValue": 3,
        ":oldValue": 1,
      },
      "Key": Object {
        "DataCategory": "Meta::Variable",
        "EphemeraId": "VARIABLE#VariableOne",
      },
      "ProjectionFields": Array [
        "value",
      ],
      "UpdateExpression": "SET value = :newValue",
    },
  },
]
`;

exports[`ExecuteActionMessage should execute an action and cascade 2`] = `
Object {
  "actionId": "ACTION#TestTwo",
  "characterId": "CHARACTER#SomebodyElse",
  "type": "ExecuteAction",
}
`;
